// Jest Snapshot v1, https://goo.gl/fbAQLP

exports[`generate e11y app  1`] = `
Array [
  "/test/entries/languages-and-frameworks/TypeScript/index.html",
  "/test/entries/platforms/Nodejs/index.html",
  "/test/entries/techniques/Гексагональная архитектура/index.html",
  "/test/entries/tools/codeclimate/index.html",
  "/test/favicon.ico",
  "/test/index.html",
  "/test/radar.css",
  "/test/radar.js",
]
`;
