// Jest Snapshot v1, https://goo.gl/fbAQLP

exports[`generate 11ty app from .csv file 1`] = `
Array [
  "favicon.ico",
  "index.html",
  "radar.css",
  "radar.js",
  "2021-06-18/index.html",
  "2021-06-18/table/index.html",
  "2021-06-18/entries/q1/TypeScript/index.html",
  "2021-06-18/entries/q2/Nodejs/index.html",
  "2021-06-18/entries/q3/codeclimate/index.html",
  "2021-06-18/entries/q4/–ì–µ–∫—Å–∞–≥–æ–Ω–∞–ª—å–Ω–∞—è –∞—Ä—Ö–∏—Ç–µ–∫—Ç—É—Ä–∞/index.html",
]
`;

exports[`generate 11ty app from .json file 1`] = `
Array [
  "favicon.ico",
  "index.html",
  "radar.css",
  "radar.js",
  "2021-06-12/index.html",
  "2021-06-12/table/index.html",
  "2021-06-12/entries/q1/TypeScript/index.html",
  "2021-06-12/entries/q2/Nodejs/index.html",
  "2021-06-12/entries/q3/codeclimate/index.html",
  "2021-06-12/entries/q4/–ì–µ–∫—Å–∞–≥–æ–Ω–∞–ª—å–Ω–∞—è –∞—Ä—Ö–∏—Ç–µ–∫—Ç—É—Ä–∞/index.html",
]
`;

exports[`generate 11ty app from .yml file 1`] = `
Array [
  "favicon.ico",
  "index.html",
  "radar.css",
  "radar.js",
  "2021-06-11/index.html",
  "2021-06-11/table/index.html",
  "2021-06-11/entries/q1/TypeScript/index.html",
  "2021-06-11/entries/q2/Nodejs/index.html",
  "2021-06-11/entries/q3/codeclimate/index.html",
  "2021-06-11/entries/q4/–ì–µ–∫—Å–∞–≥–æ–Ω–∞–ª—å–Ω–∞—è –∞—Ä—Ö–∏—Ç–µ–∫—Ç—É—Ä–∞/index.html",
]
`;

exports[`generate 11ty app from multiple files 1`] = `
Array [
  "favicon.ico",
  "index.html",
  "radar.css",
  "radar.js",
  "2021-06-12/index.html",
  "2021-06-18/index.html",
  "2021-06-12/table/index.html",
  "2021-06-18/table/index.html",
  "2021-06-12/entries/q1/TypeScript/index.html",
  "2021-06-12/entries/q2/Nodejs/index.html",
  "2021-06-12/entries/q3/codeclimate/index.html",
  "2021-06-12/entries/q4/–ì–µ–∫—Å–∞–≥–æ–Ω–∞–ª—å–Ω–∞—è –∞—Ä—Ö–∏—Ç–µ–∫—Ç—É—Ä–∞/index.html",
  "2021-06-18/entries/q1/TypeScript/index.html",
  "2021-06-18/entries/q2/Nodejs/index.html",
  "2021-06-18/entries/q3/codeclimate/index.html",
  "2021-06-18/entries/q4/–ì–µ–∫—Å–∞–≥–æ–Ω–∞–ª—å–Ω–∞—è –∞—Ä—Ö–∏—Ç–µ–∫—Ç—É—Ä–∞/index.html",
]
`;

exports[`generate 11ty app from multiple files with the same date 1`] = `
Array [
  "favicon.ico",
  "index.html",
  "radar.css",
  "radar.js",
  "2021-06-12/index.html",
  "2021-06-18/index.html",
  "2021-06-12/table/index.html",
  "2021-06-18/table/index.html",
  "2021-06-12/entries/q1/TypeScript/index.html",
  "2021-06-12/entries/q2/Nodejs/index.html",
  "2021-06-12/entries/q3/codeclimate/index.html",
  "2021-06-12/entries/q4/–ì–µ–∫—Å–∞–≥–æ–Ω–∞–ª—å–Ω–∞—è –∞—Ä—Ö–∏—Ç–µ–∫—Ç—É—Ä–∞/index.html",
  "2021-06-18/entries/q1/TypeScript/index.html",
  "2021-06-18/entries/q2/Nodejs/index.html",
  "2021-06-18/entries/q3/codeclimate/index.html",
  "2021-06-18/entries/q4/–ì–µ–∫—Å–∞–≥–æ–Ω–∞–ª—å–Ω–∞—è –∞—Ä—Ö–∏—Ç–µ–∫—Ç—É—Ä–∞/index.html",
]
`;

exports[`generate 11ty app generate custom navigation page: title, footer 1`] = `
"<!DOCTYPE html><head><meta charset=\\"utf-8\\"><link rel=\\"stylesheet\\" href=\\"index.css\\"><title>test</title><style>body {
          display: flex;
          flex-direction: column;
          align-items: center;
          height: 100vh;
          margin: 0;
      }
      ul {
          list-style-type: none;
          padding: 0px;
      }
      .link {
          color: black;
          text-decoration: none;
      }

      li a {
          min-width: 150px;
          padding: 3px 10px;
          border-radius: 20px;
          display: inline-block;
          font-size: 95%;
      }

      li a:hover {
          background-color: #eaeef8;
      }
      * {
          font-family: \\"Helvetiva, Museo Sans\\", sans-serif;
          color: #333;

          line-height: 1.6333;
      }
      main {
          display: flex;
          justify-content: center;
          height: 100%;
          min-width: 400px;
      }
      .wrapper {
          display: flex;
          flex-wrap: wrap;
          width: 90%;
          flex: 1;
      }
      .tile{
          text-align: center;
          margin: 20px;
      }
      footer {
          text-align: center;
      }</style></head><body><h1>test</h1><main><div class=\\"wrapper\\"><div class=\\"tile\\"><h2>.</h2><ul><li><a class=\\"link\\" href=\\"./2021-06-12\\">2021-06-12</a></li><li><a class=\\"link\\" href=\\"./2021-06-11\\">2021-06-11</a></li></ul></div></div></main><footer>foobarbaz</footer></body>"
`;

exports[`generate 11ty app generate navigation page 1`] = `
"<!DOCTYPE html><head><meta charset=\\"utf-8\\"><link rel=\\"stylesheet\\" href=\\"index.css\\"><title>üì° Tech radars</title><style>body {
          display: flex;
          flex-direction: column;
          align-items: center;
          height: 100vh;
          margin: 0;
      }
      ul {
          list-style-type: none;
          padding: 0px;
      }
      .link {
          color: black;
          text-decoration: none;
      }

      li a {
          min-width: 150px;
          padding: 3px 10px;
          border-radius: 20px;
          display: inline-block;
          font-size: 95%;
      }

      li a:hover {
          background-color: #eaeef8;
      }
      * {
          font-family: \\"Helvetiva, Museo Sans\\", sans-serif;
          color: #333;

          line-height: 1.6333;
      }
      main {
          display: flex;
          justify-content: center;
          height: 100%;
          min-width: 400px;
      }
      .wrapper {
          display: flex;
          flex-wrap: wrap;
          width: 90%;
          flex: 1;
      }
      .tile{
          text-align: center;
          margin: 20px;
      }
      footer {
          text-align: center;
      }</style></head><body><h1>üì° Tech radars</h1><main><div class=\\"wrapper\\"><div class=\\"tile\\"><h2>.</h2><ul><li><a class=\\"link\\" href=\\"./2021-06-12\\">2021-06-12</a></li><li><a class=\\"link\\" href=\\"./2021-06-11\\">2021-06-11</a></li></ul></div></div></main><footer><div style=\\"width: 100%; text-align: center; margin: 30px 0 10px 0; font-size: 80%\\"><a href=\\"https://github.com/qiwi/tech-radar\\">Tech-radar generator</a>. Based on <a href=\\"https://github.com/zalando/tech-radar\\">zalando/tech-radar</a>. Boosted with <a href=\\"https://github.com/11ty/eleventy/\\">11ty</a><br><a class=\\"link\\" href=\\"https://github.com/qiwi\\">QIWI ‚ù§Ô∏è Open Source</a></div></footer></body>"
`;

exports[`generate 11ty app generate navigation page by data2 1`] = `
"<!DOCTYPE html><head><meta charset=\\"utf-8\\"><link rel=\\"stylesheet\\" href=\\"index.css\\"><title>üì° Tech radars</title><style>body {
          display: flex;
          flex-direction: column;
          align-items: center;
          height: 100vh;
          margin: 0;
      }
      ul {
          list-style-type: none;
          padding: 0px;
      }
      .link {
          color: black;
          text-decoration: none;
      }

      li a {
          min-width: 150px;
          padding: 3px 10px;
          border-radius: 20px;
          display: inline-block;
          font-size: 95%;
      }

      li a:hover {
          background-color: #eaeef8;
      }
      * {
          font-family: \\"Helvetiva, Museo Sans\\", sans-serif;
          color: #333;

          line-height: 1.6333;
      }
      main {
          display: flex;
          justify-content: center;
          height: 100%;
          min-width: 400px;
      }
      .wrapper {
          display: flex;
          flex-wrap: wrap;
          width: 90%;
          flex: 1;
      }
      .tile{
          text-align: center;
          margin: 20px;
      }
      footer {
          text-align: center;
      }</style></head><body><h1>üì° Tech radars</h1><main><div class=\\"wrapper\\"><div class=\\"tile\\"><h2>ios</h2><ul><li><a class=\\"link\\" href=\\"ios/2021-06-11\\">2021-06-11</a></li></ul></div><div class=\\"tile\\"><h2>js</h2><ul><li><a class=\\"link\\" href=\\"js/2021-06-12\\">2021-06-12</a></li></ul></div></div></main><footer><div style=\\"width: 100%; text-align: center; margin: 30px 0 10px 0; font-size: 80%\\"><a href=\\"https://github.com/qiwi/tech-radar\\">Tech-radar generator</a>. Based on <a href=\\"https://github.com/zalando/tech-radar\\">zalando/tech-radar</a>. Boosted with <a href=\\"https://github.com/11ty/eleventy/\\">11ty</a><br><a class=\\"link\\" href=\\"https://github.com/qiwi\\">QIWI ‚ù§Ô∏è Open Source</a></div></footer></body>"
`;

exports[`generate 11ty app generate navigation page from custom templates 1`] = `
"<!DOCTYPE html><head><meta charset=\\"utf-8\\"><link rel=\\"stylesheet\\" href=\\"index.css\\"><title>test</title><style>body {
          display: flex;
          flex-direction: column;
          align-items: center;
          height: 100vh;
          margin: 0;
      }
      ul {
          list-style-type: none;
          padding: 0px;
      }
      .link {
          color: black;
          text-decoration: none;
      }

      li a {
          min-width: 150px;
          padding: 3px 10px;
          border-radius: 20px;
          display: inline-block;
          font-size: 95%;
      }

      li a:hover {
          background-color: #eaeef8;
      }
      * {
          font-family: \\"Helvetiva, Museo Sans\\", sans-serif;
          color: #333;

          line-height: 1.6333;
      }
      main {
          display: flex;
          justify-content: center;
          height: 100%;
          min-width: 400px;
      }
      .wrapper {
          display: flex;
          flex-wrap: wrap;
          width: 90%;
          flex: 1;
      }
      .tile{
          text-align: center;
          margin: 20px;
      }
      footer {
          text-align: center;
      }</style></head><body><h1>test</h1><main><div class=\\"wrapper\\"><div class=\\"tile\\"><h2>.</h2><ul><li><a class=\\"link\\" href=\\"./2021-06-12\\">2021-06-12</a></li><li><a class=\\"link\\" href=\\"./2021-06-11\\">2021-06-11</a></li></ul></div></div></main><footer><div style=\\"width: 100%; text-align: center; margin: 30px 0 10px 0; font-size: 80%\\"><a href=\\"https://github.com/qiwi/tech-radar\\">Tech-radar generator</a>. Based on <a href=\\"https://github.com/zalando/tech-radar\\">zalando/tech-radar</a>. Boosted with <a href=\\"https://github.com/11ty/eleventy/\\">11ty</a><br><a class=\\"link\\" href=\\"https://github.com/qiwi\\">QIWI ‚ù§Ô∏è Open Source</a></div></footer></body>"
`;

exports[`generate 11ty app generate navigation page title 1`] = `
"<!DOCTYPE html><head><meta charset=\\"utf-8\\"><link rel=\\"stylesheet\\" href=\\"index.css\\"><title>title</title><style>body {
          display: flex;
          flex-direction: column;
          align-items: center;
          height: 100vh;
          margin: 0;
      }
      ul {
          list-style-type: none;
          padding: 0px;
      }
      .link {
          color: black;
          text-decoration: none;
      }

      li a {
          min-width: 150px;
          padding: 3px 10px;
          border-radius: 20px;
          display: inline-block;
          font-size: 95%;
      }

      li a:hover {
          background-color: #eaeef8;
      }
      * {
          font-family: \\"Helvetiva, Museo Sans\\", sans-serif;
          color: #333;

          line-height: 1.6333;
      }
      main {
          display: flex;
          justify-content: center;
          height: 100%;
          min-width: 400px;
      }
      .wrapper {
          display: flex;
          flex-wrap: wrap;
          width: 90%;
          flex: 1;
      }
      .tile{
          text-align: center;
          margin: 20px;
      }
      footer {
          text-align: center;
      }</style></head><body><h1>title</h1><main><div class=\\"wrapper\\"><div class=\\"tile\\"><h2>.</h2><ul><li><a class=\\"link\\" href=\\"./2021-06-12\\">2021-06-12</a></li><li><a class=\\"link\\" href=\\"./2021-06-11\\">2021-06-11</a></li></ul></div></div></main><footer><div style=\\"width: 100%; text-align: center; margin: 30px 0 10px 0; font-size: 80%\\"><a href=\\"https://github.com/qiwi/tech-radar\\">Tech-radar generator</a>. Based on <a href=\\"https://github.com/zalando/tech-radar\\">zalando/tech-radar</a>. Boosted with <a href=\\"https://github.com/11ty/eleventy/\\">11ty</a><br><a class=\\"link\\" href=\\"https://github.com/qiwi\\">QIWI ‚ù§Ô∏è Open Source</a></div></footer></body>"
`;
